java.awt.Rectangle[x=0,y=200,width=40,height=100]
